2026-04-21 00:28:34.318 [http-nio-8081-exec-4] DEBUG [ca153c3357a0] o.s.security.web.FilterChainProxy - Securing OPTIONS /api/auth/refresh
2026-04-21 00:28:34.557 [http-nio-8081-exec-4] INFO  [ca153c3357a0] e.o.s.filter.RequestLoggingFilter - [ca153c3357a0] OPTIONS /api/auth/refresh | status=200 | ip=0:0:0:0:0:0:0:1 | user=anonymous | 250ms
2026-04-21 00:28:34.770 [http-nio-8081-exec-5] DEBUG [cfffed67b4bc] o.s.security.web.FilterChainProxy - Securing OPTIONS /api/auth/refresh
2026-04-21 00:28:34.771 [http-nio-8081-exec-5] INFO  [cfffed67b4bc] e.o.s.filter.RequestLoggingFilter - [cfffed67b4bc] OPTIONS /api/auth/refresh | status=200 | ip=0:0:0:0:0:0:0:1 | user=anonymous | 1ms
2026-04-21 00:28:34.773 [http-nio-8081-exec-6] DEBUG [1e1d86ddd0cc] o.s.security.web.FilterChainProxy - Securing POST /api/auth/refresh
2026-04-21 00:28:34.784 [http-nio-8081-exec-6] DEBUG [1e1d86ddd0cc] o.s.security.web.FilterChainProxy - Secured POST /api/auth/refresh
2026-04-21 00:28:34.910 [http-nio-8081-exec-6] INFO  [1e1d86ddd0cc] e.o.a.controller.AuthController - Token refreshed for user: matchatta.toyaem1@outlook.com
2026-04-21 00:28:34.916 [http-nio-8081-exec-6] DEBUG [1e1d86ddd0cc] o.s.s.w.a.AnonymousAuthenticationFilter - Set SecurityContextHolder to anonymous SecurityContext
2026-04-21 00:28:34.917 [http-nio-8081-exec-6] INFO  [1e1d86ddd0cc] e.o.s.filter.RequestLoggingFilter - [1e1d86ddd0cc] POST /api/auth/refresh | status=200 | ip=0:0:0:0:0:0:0:1 | user=anonymous | 144ms
2026-04-21 00:28:35.250 [http-nio-8081-exec-7] DEBUG [734a439882af] o.s.security.web.FilterChainProxy - Securing OPTIONS /api/auth/token
2026-04-21 00:28:35.252 [http-nio-8081-exec-7] INFO  [734a439882af] e.o.s.filter.RequestLoggingFilter - [734a439882af] OPTIONS /api/auth/token | status=200 | ip=0:0:0:0:0:0:0:1 | user=anonymous | 3ms
2026-04-21 00:28:35.254 [http-nio-8081-exec-8] DEBUG [4396e236a8bf] o.s.security.web.FilterChainProxy - Securing POST /api/auth/token
2026-04-21 00:28:35.255 [http-nio-8081-exec-8] DEBUG [4396e236a8bf] o.s.security.web.FilterChainProxy - Secured POST /api/auth/token
2026-04-21 00:28:35.261 [http-nio-8081-exec-8] DEBUG [4396e236a8bf] o.s.s.o.j.NimbusJwtDecoder$RestTemplateWithNimbusDefaultTimeouts - HTTP GET https://login.microsoftonline.com/dcd857fa-da1c-42e4-801b-702d52e946b1/discovery/v2.0/keys
2026-04-21 00:28:35.263 [http-nio-8081-exec-8] DEBUG [4396e236a8bf] o.s.s.o.j.NimbusJwtDecoder$RestTemplateWithNimbusDefaultTimeouts - Accept=[text/plain, application/json, application/*+json, */*]
2026-04-21 00:28:35.419 [http-nio-8081-exec-8] DEBUG [4396e236a8bf] o.s.s.o.j.NimbusJwtDecoder$RestTemplateWithNimbusDefaultTimeouts - Response 200 OK
2026-04-21 00:28:35.420 [http-nio-8081-exec-8] DEBUG [4396e236a8bf] o.s.s.o.j.NimbusJwtDecoder$RestTemplateWithNimbusDefaultTimeouts - Reading to [java.lang.String] as "application/json;charset=utf-8"
2026-04-21 00:28:35.427 [http-nio-8081-exec-8] INFO  [4396e236a8bf] e.o.a.controller.AuthController - Token exchanged for user: matchatta.toyaem1@outlook.com
2026-04-21 00:28:35.428 [http-nio-8081-exec-8] DEBUG [4396e236a8bf] o.s.s.w.a.AnonymousAuthenticationFilter - Set SecurityContextHolder to anonymous SecurityContext
2026-04-21 00:28:35.428 [http-nio-8081-exec-8] INFO  [4396e236a8bf] e.o.s.filter.RequestLoggingFilter - [4396e236a8bf] POST /api/auth/token | status=200 | ip=0:0:0:0:0:0:0:1 | user=anonymous | 174ms
2026-04-21 00:28:39.525 [http-nio-8081-exec-9] DEBUG [0d6231faa9c0] o.s.security.web.FilterChainProxy - Securing POST /api/auth/token
2026-04-21 00:28:39.528 [http-nio-8081-exec-9] DEBUG [0d6231faa9c0] o.s.security.web.FilterChainProxy - Secured POST /api/auth/token
2026-04-21 00:28:39.540 [http-nio-8081-exec-9] INFO  [0d6231faa9c0] e.o.a.controller.AuthController - Token exchanged for user: matchatta.toyaem1@outlook.com
2026-04-21 00:28:39.541 [http-nio-8081-exec-9] DEBUG [0d6231faa9c0] o.s.s.w.a.AnonymousAuthenticationFilter - Set SecurityContextHolder to anonymous SecurityContext
2026-04-21 00:28:39.543 [http-nio-8081-exec-9] INFO  [0d6231faa9c0] e.o.s.filter.RequestLoggingFilter - [0d6231faa9c0] POST /api/auth/token | status=200 | ip=0:0:0:0:0:0:0:1 | user=anonymous | 19ms
2026-04-21 00:28:58.814 [http-nio-8081-exec-10] DEBUG [becbb21bb905] o.s.security.web.FilterChainProxy - Securing OPTIONS /api/auth/token
2026-04-21 00:28:58.818 [http-nio-8081-exec-10] INFO  [becbb21bb905] e.o.s.filter.RequestLoggingFilter - [becbb21bb905] OPTIONS /api/auth/token | status=200 | ip=0:0:0:0:0:0:0:1 | user=anonymous | 6ms
2026-04-21 00:28:58.820 [http-nio-8081-exec-1] DEBUG [6d43b902b4b5] o.s.security.web.FilterChainProxy - Securing POST /api/auth/token
2026-04-21 00:28:58.821 [http-nio-8081-exec-1] DEBUG [6d43b902b4b5] o.s.security.web.FilterChainProxy - Secured POST /api/auth/token
2026-04-21 00:28:58.832 [http-nio-8081-exec-1] INFO  [6d43b902b4b5] e.o.a.controller.AuthController - Token exchanged for user: matchatta.toyaem1@outlook.com
2026-04-21 00:28:58.833 [http-nio-8081-exec-1] DEBUG [6d43b902b4b5] o.s.s.w.a.AnonymousAuthenticationFilter - Set SecurityContextHolder to anonymous SecurityContext
2026-04-21 00:28:58.834 [http-nio-8081-exec-1] INFO  [6d43b902b4b5] e.o.s.filter.RequestLoggingFilter - [6d43b902b4b5] POST /api/auth/token | status=200 | ip=0:0:0:0:0:0:0:1 | user=anonymous | 15ms
2026-04-21 01:12:40.349 [http-nio-8081-exec-3] DEBUG [c9ed172c7f17] o.s.security.web.FilterChainProxy - Securing OPTIONS /api/auth/refresh
2026-04-21 01:12:40.362 [http-nio-8081-exec-3] INFO  [c9ed172c7f17] e.o.s.filter.RequestLoggingFilter - [c9ed172c7f17] OPTIONS /api/auth/refresh | status=200 | ip=0:0:0:0:0:0:0:1 | user=anonymous | 17ms
2026-04-21 01:12:40.381 [http-nio-8081-exec-4] DEBUG [18a11689e069] o.s.security.web.FilterChainProxy - Securing POST /api/auth/refresh
2026-04-21 01:12:40.385 [http-nio-8081-exec-4] DEBUG [18a11689e069] o.s.security.web.FilterChainProxy - Secured POST /api/auth/refresh
2026-04-21 01:12:40.434 [http-nio-8081-exec-4] INFO  [18a11689e069] e.o.a.controller.AuthController - Token refreshed for user: matchatta.toyaem1@outlook.com
2026-04-21 01:12:40.436 [http-nio-8081-exec-4] DEBUG [18a11689e069] o.s.s.w.a.AnonymousAuthenticationFilter - Set SecurityContextHolder to anonymous SecurityContext
2026-04-21 01:12:40.436 [http-nio-8081-exec-4] INFO  [18a11689e069] e.o.s.filter.RequestLoggingFilter - [18a11689e069] POST /api/auth/refresh | status=200 | ip=0:0:0:0:0:0:0:1 | user=anonymous | 56ms
2026-04-21 01:17:30.371 [http-nio-8081-exec-6] DEBUG [d25ce5c13ac8] o.s.security.web.FilterChainProxy - Securing OPTIONS /api/auth/token
2026-04-21 01:17:30.373 [http-nio-8081-exec-6] INFO  [d25ce5c13ac8] e.o.s.filter.RequestLoggingFilter - [d25ce5c13ac8] OPTIONS /api/auth/token | status=200 | ip=0:0:0:0:0:0:0:1 | user=anonymous | 7ms
2026-04-21 01:17:30.375 [http-nio-8081-exec-7] DEBUG [af3719fc7c4a] o.s.security.web.FilterChainProxy - Securing POST /api/auth/token
2026-04-21 01:17:30.381 [http-nio-8081-exec-7] DEBUG [af3719fc7c4a] o.s.security.web.FilterChainProxy - Secured POST /api/auth/token
2026-04-21 01:17:30.392 [http-nio-8081-exec-7] DEBUG [af3719fc7c4a] o.s.s.o.j.NimbusJwtDecoder$RestTemplateWithNimbusDefaultTimeouts - HTTP GET https://login.microsoftonline.com/dcd857fa-da1c-42e4-801b-702d52e946b1/discovery/v2.0/keys
2026-04-21 01:17:30.396 [http-nio-8081-exec-7] DEBUG [af3719fc7c4a] o.s.s.o.j.NimbusJwtDecoder$RestTemplateWithNimbusDefaultTimeouts - Accept=[text/plain, application/json, application/*+json, */*]
2026-04-21 01:17:30.408 [http-nio-8081-exec-8] DEBUG [420e38a03351] o.s.security.web.FilterChainProxy - Securing POST /api/auth/token
2026-04-21 01:17:30.409 [http-nio-8081-exec-8] DEBUG [420e38a03351] o.s.security.web.FilterChainProxy - Secured POST /api/auth/token
2026-04-21 01:17:30.583 [http-nio-8081-exec-7] DEBUG [af3719fc7c4a] o.s.s.o.j.NimbusJwtDecoder$RestTemplateWithNimbusDefaultTimeouts - Response 200 OK
2026-04-21 01:17:30.583 [http-nio-8081-exec-7] DEBUG [af3719fc7c4a] o.s.s.o.j.NimbusJwtDecoder$RestTemplateWithNimbusDefaultTimeouts - Reading to [java.lang.String] as "application/json;charset=utf-8"
2026-04-21 01:17:30.611 [http-nio-8081-exec-8] INFO  [420e38a03351] e.o.a.controller.AuthController - Token exchanged for user: matchatta.toyaem1@outlook.com
2026-04-21 01:17:30.612 [http-nio-8081-exec-8] DEBUG [420e38a03351] o.s.s.w.a.AnonymousAuthenticationFilter - Set SecurityContextHolder to anonymous SecurityContext
2026-04-21 01:17:30.613 [http-nio-8081-exec-8] INFO  [420e38a03351] e.o.s.filter.RequestLoggingFilter - [420e38a03351] POST /api/auth/token | status=200 | ip=0:0:0:0:0:0:0:1 | user=anonymous | 205ms
2026-04-21 01:17:30.614 [http-nio-8081-exec-7] INFO  [af3719fc7c4a] e.o.a.controller.AuthController - Token exchanged for user: matchatta.toyaem1@outlook.com
2026-04-21 01:17:30.615 [http-nio-8081-exec-7] DEBUG [af3719fc7c4a] o.s.s.w.a.AnonymousAuthenticationFilter - Set SecurityContextHolder to anonymous SecurityContext
2026-04-21 01:17:30.615 [http-nio-8081-exec-7] INFO  [af3719fc7c4a] e.o.s.filter.RequestLoggingFilter - [af3719fc7c4a] POST /api/auth/token | status=200 | ip=0:0:0:0:0:0:0:1 | user=anonymous | 240ms
2026-04-21 01:46:27.741 [HikariPool-1:housekeeper] WARN  [] com.zaxxer.hikari.pool.HikariPool - HikariPool-1 - Thread starvation or clock leap detected (housekeeper delta=15m27s975ms).
2026-04-21 01:51:31.769 [HikariPool-1:housekeeper] WARN  [] com.zaxxer.hikari.pool.HikariPool - HikariPool-1 - Thread starvation or clock leap detected (housekeeper delta=4m4s8ms).
2026-04-21 02:07:01.774 [HikariPool-1:housekeeper] WARN  [] com.zaxxer.hikari.pool.HikariPool - HikariPool-1 - Thread starvation or clock leap detected (housekeeper delta=15m30s6ms).
2026-04-21 02:24:22.693 [HikariPool-1:housekeeper] WARN  [] com.zaxxer.hikari.pool.HikariPool - HikariPool-1 - Thread starvation or clock leap detected (housekeeper delta=16m50s912ms).
2026-04-21 02:41:09.605 [HikariPool-1:housekeeper] WARN  [] com.zaxxer.hikari.pool.HikariPool - HikariPool-1 - Thread starvation or clock leap detected (housekeeper delta=16m16s899ms).
2026-04-21 03:09:04.188 [HikariPool-1:housekeeper] WARN  [] com.zaxxer.hikari.pool.HikariPool - HikariPool-1 - Thread starvation or clock leap detected (housekeeper delta=15m54s404ms).
2026-04-21 03:27:41.892 [HikariPool-1:housekeeper] WARN  [] com.zaxxer.hikari.pool.HikariPool - HikariPool-1 - Thread starvation or clock leap detected (housekeeper delta=15m37s633ms).
2026-04-21 03:48:42.024 [HikariPool-1:housekeeper] WARN  [] com.zaxxer.hikari.pool.HikariPool - HikariPool-1 - Thread starvation or clock leap detected (housekeeper delta=16m71ms).
2026-04-21 04:05:49.918 [HikariPool-1:housekeeper] WARN  [] com.zaxxer.hikari.pool.HikariPool - HikariPool-1 - Thread starvation or clock leap detected (housekeeper delta=17m7s895ms).
2026-04-21 04:23:54.755 [HikariPool-1:housekeeper] WARN  [] com.zaxxer.hikari.pool.HikariPool - HikariPool-1 - Thread starvation or clock leap detected (housekeeper delta=17m34s832ms).
2026-04-21 04:41:14.425 [HikariPool-1:housekeeper] WARN  [] com.zaxxer.hikari.pool.HikariPool - HikariPool-1 - Thread starvation or clock leap detected (housekeeper delta=16m49s664ms).
2026-04-21 04:57:26.418 [HikariPool-1:housekeeper] WARN  [] com.zaxxer.hikari.pool.HikariPool - HikariPool-1 - Thread starvation or clock leap detected (housekeeper delta=15m41s979ms).
2026-04-21 05:26:18.241 [HikariPool-1:housekeeper] WARN  [] com.zaxxer.hikari.pool.HikariPool - HikariPool-1 - Thread starvation or clock leap detected (housekeeper delta=16m21s647ms).
2026-04-21 06:43:42.044 [HikariPool-1:housekeeper] WARN  [] com.zaxxer.hikari.pool.HikariPool - HikariPool-1 - Thread starvation or clock leap detected (housekeeper delta=17m22s825ms).
2026-04-21 08:01:00.985 [HikariPool-1:housekeeper] WARN  [] com.zaxxer.hikari.pool.HikariPool - HikariPool-1 - Thread starvation or clock leap detected (housekeeper delta=15m5s726ms).
2026-04-21 08:09:56.535 [HikariPool-1:housekeeper] WARN  [] com.zaxxer.hikari.pool.HikariPool - HikariPool-1 - Thread starvation or clock leap detected (housekeeper delta=8m25s539ms).
2026-04-21 08:25:26.490 [HikariPool-1:housekeeper] WARN  [] com.zaxxer.hikari.pool.HikariPool - HikariPool-1 - Thread starvation or clock leap detected (housekeeper delta=15m29s954ms).
2026-04-21 09:32:39.023 [HikariPool-1:housekeeper] WARN  [] com.zaxxer.hikari.pool.HikariPool - HikariPool-1 - Thread starvation or clock leap detected (housekeeper delta=16m11s874ms).
2026-04-21 10:19:32.464 [HikariPool-1:housekeeper] WARN  [] com.zaxxer.hikari.pool.HikariPool - HikariPool-1 - Thread starvation or clock leap detected (housekeeper delta=46m53s442ms).
2026-04-21 10:21:27.871 [HikariPool-1:housekeeper] WARN  [] com.zaxxer.hikari.pool.HikariPool - HikariPool-1 - Thread starvation or clock leap detected (housekeeper delta=1m55s406ms).
2026-04-21 10:44:22.483 [HikariPool-1:housekeeper] WARN  [] com.zaxxer.hikari.pool.HikariPool - HikariPool-1 - Thread starvation or clock leap detected (housekeeper delta=22m54s612ms).
2026-04-21 11:06:06.871 [HikariPool-1:housekeeper] WARN  [] com.zaxxer.hikari.pool.HikariPool - HikariPool-1 - Thread starvation or clock leap detected (housekeeper delta=1m44s127ms).
2026-04-21 12:33:57.308 [HikariPool-1:housekeeper] WARN  [] com.zaxxer.hikari.pool.HikariPool - HikariPool-1 - Thread starvation or clock leap detected (housekeeper delta=28m49s987ms).
2026-04-21 14:46:02.479 [HikariPool-1:housekeeper] WARN  [] com.zaxxer.hikari.pool.HikariPool - HikariPool-1 - Thread starvation or clock leap detected (housekeeper delta=26m4s519ms).
2026-04-21 15:44:53.786 [HikariPool-1:housekeeper] WARN  [] com.zaxxer.hikari.pool.HikariPool - HikariPool-1 - Thread starvation or clock leap detected (housekeeper delta=58m51s308ms).
2026-04-21 16:29:07.548 [HikariPool-1:housekeeper] WARN  [] com.zaxxer.hikari.pool.HikariPool - HikariPool-1 - Thread starvation or clock leap detected (housekeeper delta=25m13s441ms).
2026-04-21 17:32:19.678 [HikariPool-1:housekeeper] WARN  [] com.zaxxer.hikari.pool.HikariPool - HikariPool-1 - Thread starvation or clock leap detected (housekeeper delta=1h3m12s131ms).
2026-04-21 18:05:07.016 [HikariPool-1:housekeeper] WARN  [] com.zaxxer.hikari.pool.HikariPool - HikariPool-1 - Thread starvation or clock leap detected (housekeeper delta=32m47s336ms).
2026-04-21 18:53:36.534 [HikariPool-1:housekeeper] WARN  [] com.zaxxer.hikari.pool.HikariPool - HikariPool-1 - Thread starvation or clock leap detected (housekeeper delta=48m29s521ms).
2026-04-21 19:39:10.786 [HikariPool-1:housekeeper] WARN  [] com.zaxxer.hikari.pool.HikariPool - HikariPool-1 - Thread starvation or clock leap detected (housekeeper delta=45m34s250ms).
2026-04-21 21:44:33.452 [SpringApplicationShutdownHook] INFO  [] o.s.boot.tomcat.GracefulShutdown - Commencing graceful shutdown. Waiting for active requests to complete
2026-04-21 21:44:33.461 [tomcat-shutdown] INFO  [] o.s.boot.tomcat.GracefulShutdown - Graceful shutdown complete
2026-04-21 21:44:33.477 [SpringApplicationShutdownHook] INFO  [] com.zaxxer.hikari.HikariDataSource - HikariPool-1 - Shutdown initiated...
2026-04-21 21:44:33.482 [SpringApplicationShutdownHook] INFO  [] com.zaxxer.hikari.HikariDataSource - HikariPool-1 - Shutdown completed.
